SystemName                                                                                           SystemNameInt CasinoID                                                                                             CasinoIDInt PlayerID                                                                                             PlayerIDBigInt       HostID                                                                                               HostIDBigInt         PlayerHostType                                                                                       StartDateTime           EndDateTime             IsCurrent   InsertDateTime
---------------------------------------------------------------------------------------------------- ------------- ---------------------------------------------------------------------------------------------------- ----------- ---------------------------------------------------------------------------------------------------- -------------------- ---------------------------------------------------------------------------------------------------- -------------------- ---------------------------------------------------------------------------------------------------- ----------------------- ----------------------- ----------- -----------------------
DEMO                                                                                                 1             QCI2                                                                                                 2           130619                                                                                               130619               ivettejohnson                                                                                        1975881158           Primary                                                                                              2017-01-01 00:00:00.000 2999-12-31 00:00:00.000 1           2020-06-25 15:07:17.037
DEMO                                                                                                 1             QCI3                                                                                                 3           130619                                                                                               130619               jonathancabrera                                                                                      364476706            Primary                                                                                              2017-01-01 00:00:00.000 2999-12-31 00:00:00.000 1           2020-06-25 15:07:17.037
SGAHRI                                                                                               2             CSG                                                                                                  2           130619                                                                                               130619               nathanielmitchell                                                                                    795960836            Primary                                                                                              2017-01-01 00:00:00.000 2999-12-31 00:00:00.000 1           2020-06-21 22:09:33.973
SGAHRI                                                                                               2             HSG                                                                                                  3           130619                                                                                               130619               amyrogers                                                                                            1946656558           Primary                                                                                              2017-01-01 00:00:00.000 2999-12-31 00:00:00.000 1           2020-06-21 22:09:33.973
SGAHRI                                                                                               2             TSG                                                                                                  6           130619                                                                                               130619               robinnoble                                                                                           -1638707130          Primary                                                                                              2017-01-01 00:00:00.000 2999-12-31 00:00:00.000 1           2020-06-21 22:09:33.973
HRC                                                                                                  3             CIN                                                                                                  1           130619                                                                                               130619               katrinafarley                                                                                        55291264             Primary                                                                                              2017-01-01 00:00:00.000 2999-12-31 00:00:00.000 1           2020-06-21 22:11:44.593

(6 rows affected)


Completion time: 2020-10-30T19:17:04.5962521+00:00
