
 SQL Server Execution Times:
   CPU time = 0 ms,  elapsed time = 0 ms.

 SQL Server Execution Times:
   CPU time = 0 ms,  elapsed time = 11 ms.

(1 row affected)


(1 row affected)

 SQL Server Execution Times:
   CPU time = 0 ms,  elapsed time = 10 ms.
START MERGE 1

 SQL Server Execution Times:
   CPU time = 0 ms,  elapsed time = 0 ms.

 SQL Server Execution Times:
   CPU time = 0 ms,  elapsed time = 0 ms.

(0 rows affected)


(1 row affected)

 SQL Server Execution Times:
   CPU time = 0 ms,  elapsed time = 24 ms.

 SQL Server Execution Times:
   CPU time = 0 ms,  elapsed time = 0 ms.
SQL Server parse and compile time: 
   CPU time = 0 ms, elapsed time = 2 ms.

(1 row affected)


(1 row affected)

 SQL Server Execution Times:
   CPU time = 0 ms,  elapsed time = 5 ms.
FINISH MERGE 1

 SQL Server Execution Times:
   CPU time = 0 ms,  elapsed time = 0 ms.
START MERGE 2

 SQL Server Execution Times:
   CPU time = 0 ms,  elapsed time = 0 ms.

 SQL Server Execution Times:
   CPU time = 0 ms,  elapsed time = 0 ms.

(0 rows affected)


(1 row affected)

 SQL Server Execution Times:
   CPU time = 77578 ms,  elapsed time = 410916 ms.

 SQL Server Execution Times:
   CPU time = 0 ms,  elapsed time = 1 ms.
SQL Server parse and compile time: 
   CPU time = 0 ms, elapsed time = 3 ms.

(1 row affected)


(1 row affected)

 SQL Server Execution Times:
   CPU time = 31 ms,  elapsed time = 28 ms.
FINISH MERGE 2

 SQL Server Execution Times:
   CPU time = 0 ms,  elapsed time = 0 ms.
START MERGE 3

 SQL Server Execution Times:
   CPU time = 0 ms,  elapsed time = 0 ms.

 SQL Server Execution Times:
   CPU time = 0 ms,  elapsed time = 0 ms.

(0 rows affected)


(1 row affected)

 SQL Server Execution Times:
   CPU time = 51094 ms,  elapsed time = 290581 ms.

 SQL Server Execution Times:
   CPU time = 0 ms,  elapsed time = 1 ms.
SQL Server parse and compile time: 
   CPU time = 0 ms, elapsed time = 2 ms.

(1 row affected)


(1 row affected)

 SQL Server Execution Times:
   CPU time = 31 ms,  elapsed time = 35 ms.
FINISH MERGE 3

 SQL Server Execution Times:
   CPU time = 0 ms,  elapsed time = 0 ms.
START MERGE 4

 SQL Server Execution Times:
   CPU time = 0 ms,  elapsed time = 0 ms.

 SQL Server Execution Times:
   CPU time = 0 ms,  elapsed time = 0 ms.

(0 rows affected)


(1 row affected)

 SQL Server Execution Times:
   CPU time = 13641 ms,  elapsed time = 24102 ms.

 SQL Server Execution Times:
   CPU time = 0 ms,  elapsed time = 1 ms.
SQL Server parse and compile time: 
   CPU time = 0 ms, elapsed time = 4 ms.

(1 row affected)


(1 row affected)

 SQL Server Execution Times:
   CPU time = 31 ms,  elapsed time = 30 ms.
FINISH MERGE 4

 SQL Server Execution Times:
   CPU time = 0 ms,  elapsed time = 0 ms.
START MERGE 5

 SQL Server Execution Times:
   CPU time = 0 ms,  elapsed time = 0 ms.

 SQL Server Execution Times:
   CPU time = 0 ms,  elapsed time = 0 ms.

(0 rows affected)


(1 row affected)

 SQL Server Execution Times:
   CPU time = 141 ms,  elapsed time = 286 ms.

 SQL Server Execution Times:
   CPU time = 0 ms,  elapsed time = 0 ms.
SQL Server parse and compile time: 
   CPU time = 0 ms, elapsed time = 1 ms.

(1 row affected)


(1 row affected)

 SQL Server Execution Times:
   CPU time = 15 ms,  elapsed time = 12 ms.
FINISH MERGE 5

 SQL Server Execution Times:
   CPU time = 0 ms,  elapsed time = 0 ms.
START MERGE 6

 SQL Server Execution Times:
   CPU time = 0 ms,  elapsed time = 0 ms.

 SQL Server Execution Times:
   CPU time = 0 ms,  elapsed time = 0 ms.

(0 rows affected)


(1 row affected)

 SQL Server Execution Times:
   CPU time = 578 ms,  elapsed time = 1005 ms.

 SQL Server Execution Times:
   CPU time = 0 ms,  elapsed time = 0 ms.
SQL Server parse and compile time: 
   CPU time = 0 ms, elapsed time = 3 ms.

(1 row affected)


(1 row affected)

 SQL Server Execution Times:
   CPU time = 32 ms,  elapsed time = 52 ms.
FINISH MERGE 6

 SQL Server Execution Times:
   CPU time = 0 ms,  elapsed time = 0 ms.
START MERGE 7

 SQL Server Execution Times:
   CPU time = 0 ms,  elapsed time = 0 ms.

 SQL Server Execution Times:
   CPU time = 0 ms,  elapsed time = 0 ms.

(0 rows affected)


(1 row affected)

 SQL Server Execution Times:
   CPU time = 515 ms,  elapsed time = 1043 ms.

 SQL Server Execution Times:
   CPU time = 0 ms,  elapsed time = 0 ms.
SQL Server parse and compile time: 
   CPU time = 0 ms, elapsed time = 3 ms.

(1 row affected)


(1 row affected)

 SQL Server Execution Times:
   CPU time = 32 ms,  elapsed time = 64 ms.
FINISH MERGE 7

 SQL Server Execution Times:
   CPU time = 0 ms,  elapsed time = 0 ms.
START MERGE 8

 SQL Server Execution Times:
   CPU time = 0 ms,  elapsed time = 0 ms.

 SQL Server Execution Times:
   CPU time = 0 ms,  elapsed time = 0 ms.

 SQL Server Execution Times:
   CPU time = 0 ms,  elapsed time = 0 ms.


(1 row affected)

 SQL Server Execution Times:
   CPU time = 62 ms,  elapsed time = 116 ms.

 SQL Server Execution Times:
   CPU time = 0 ms,  elapsed time = 0 ms.
SQL Server parse and compile time: 
   CPU time = 0 ms, elapsed time = 2 ms.

(282203 rows affected)


(1 row affected)

 SQL Server Execution Times:
   CPU time = 9734 ms,  elapsed time = 31197 ms.
SQL Server parse and compile time: 
   CPU time = 0 ms, elapsed time = 0 ms.

 SQL Server Execution Times:
   CPU time = 0 ms,  elapsed time = 0 ms.


 SQL Server Execution Times:
   CPU time = 25047 ms,  elapsed time = 45256 ms.

 SQL Server Execution Times:
   CPU time = 0 ms,  elapsed time = 0 ms.

(282203 rows affected)


(1 row affected)

 SQL Server Execution Times:
   CPU time = 33469 ms,  elapsed time = 72373 ms.

 SQL Server Execution Times:
   CPU time = 0 ms,  elapsed time = 1 ms.
SQL Server parse and compile time: 
   CPU time = 1735 ms, elapsed time = 5092 ms.

(1 row affected)


(1 row affected)

 SQL Server Execution Times:
   CPU time = 4328 ms,  elapsed time = 6950 ms.
FINISH MERGE 8

 SQL Server Execution Times:
   CPU time = 0 ms,  elapsed time = 0 ms.
START MERGE 9

 SQL Server Execution Times:
   CPU time = 0 ms,  elapsed time = 0 ms.

 SQL Server Execution Times:
   CPU time = 0 ms,  elapsed time = 0 ms.

(14 rows affected)


(1 row affected)

 SQL Server Execution Times:
   CPU time = 0 ms,  elapsed time = 2 ms.

(14 rows affected)


(1 row affected)

 SQL Server Execution Times:
   CPU time = 0 ms,  elapsed time = 1 ms.

 SQL Server Execution Times:
   CPU time = 0 ms,  elapsed time = 1 ms.
SQL Server parse and compile time: 
   CPU time = 0 ms, elapsed time = 3 ms.

(1 row affected)


(1 row affected)

 SQL Server Execution Times:
   CPU time = 0 ms,  elapsed time = 1 ms.
FINISH MERGE 9

 SQL Server Execution Times:
   CPU time = 0 ms,  elapsed time = 0 ms.
START MERGE 10

 SQL Server Execution Times:
   CPU time = 0 ms,  elapsed time = 0 ms.

 SQL Server Execution Times:
   CPU time = 0 ms,  elapsed time = 0 ms.

(8 rows affected)


(1 row affected)

 SQL Server Execution Times:
   CPU time = 0 ms,  elapsed time = 1 ms.

(8 rows affected)


(1 row affected)

 SQL Server Execution Times:
   CPU time = 0 ms,  elapsed time = 1 ms.

 SQL Server Execution Times:
   CPU time = 0 ms,  elapsed time = 1 ms.
SQL Server parse and compile time: 
   CPU time = 3 ms, elapsed time = 3 ms.

(1 row affected)


(1 row affected)

 SQL Server Execution Times:
   CPU time = 0 ms,  elapsed time = 1 ms.
FINISH MERGE 10

 SQL Server Execution Times:
   CPU time = 0 ms,  elapsed time = 0 ms.
START MERGE 11

 SQL Server Execution Times:
   CPU time = 0 ms,  elapsed time = 0 ms.

 SQL Server Execution Times:
   CPU time = 0 ms,  elapsed time = 0 ms.

(13 rows affected)


(1 row affected)

 SQL Server Execution Times:
   CPU time = 0 ms,  elapsed time = 1 ms.

(13 rows affected)


(1 row affected)

 SQL Server Execution Times:
   CPU time = 0 ms,  elapsed time = 3 ms.

 SQL Server Execution Times:
   CPU time = 0 ms,  elapsed time = 0 ms.
SQL Server parse and compile time: 
   CPU time = 0 ms, elapsed time = 1 ms.

(1 row affected)


(1 row affected)

 SQL Server Execution Times:
   CPU time = 0 ms,  elapsed time = 1 ms.
FINISH MERGE 11

 SQL Server Execution Times:
   CPU time = 0 ms,  elapsed time = 0 ms.
START MERGE 12

 SQL Server Execution Times:
   CPU time = 0 ms,  elapsed time = 0 ms.

 SQL Server Execution Times:
   CPU time = 0 ms,  elapsed time = 0 ms.
SQL Server parse and compile time: 
   CPU time = 203 ms, elapsed time = 327 ms.


(1 row affected)

 SQL Server Execution Times:
   CPU time = 0 ms,  elapsed time = 0 ms.

 SQL Server Execution Times:
   CPU time = 0 ms,  elapsed time = 0 ms.
SQL Server parse and compile time: 
   CPU time = 0 ms, elapsed time = 2 ms.

(3369 rows affected)


(1 row affected)

 SQL Server Execution Times:
   CPU time = 79 ms,  elapsed time = 162 ms.
SQL Server parse and compile time: 
   CPU time = 0 ms, elapsed time = 0 ms.

 SQL Server Execution Times:
   CPU time = 0 ms,  elapsed time = 0 ms.


 SQL Server Execution Times:
   CPU time = 125 ms,  elapsed time = 196 ms.

 SQL Server Execution Times:
   CPU time = 0 ms,  elapsed time = 0 ms.

(3369 rows affected)


(1 row affected)

 SQL Server Execution Times:
   CPU time = 218 ms,  elapsed time = 340 ms.

 SQL Server Execution Times:
   CPU time = 0 ms,  elapsed time = 7 ms.
SQL Server parse and compile time: 
   CPU time = 0 ms, elapsed time = 1 ms.

(1 row affected)


(1 row affected)

 SQL Server Execution Times:
   CPU time = 47 ms,  elapsed time = 52 ms.
FINISH MERGE 12

 SQL Server Execution Times:
   CPU time = 0 ms,  elapsed time = 0 ms.
START MERGE 13

 SQL Server Execution Times:
   CPU time = 0 ms,  elapsed time = 0 ms.

 SQL Server Execution Times:
   CPU time = 0 ms,  elapsed time = 0 ms.

(0 rows affected)


(1 row affected)

 SQL Server Execution Times:
   CPU time = 6922 ms,  elapsed time = 11400 ms.

 SQL Server Execution Times:
   CPU time = 0 ms,  elapsed time = 1 ms.
SQL Server parse and compile time: 
   CPU time = 3 ms, elapsed time = 3 ms.

(1 row affected)


(1 row affected)

 SQL Server Execution Times:
   CPU time = 15 ms,  elapsed time = 61 ms.
FINISH MERGE 13

 SQL Server Execution Times:
   CPU time = 0 ms,  elapsed time = 0 ms.
START MERGE 14

 SQL Server Execution Times:
   CPU time = 0 ms,  elapsed time = 0 ms.

 SQL Server Execution Times:
   CPU time = 0 ms,  elapsed time = 0 ms.


(1 row affected)

 SQL Server Execution Times:
   CPU time = 297 ms,  elapsed time = 610 ms.

 SQL Server Execution Times:
   CPU time = 0 ms,  elapsed time = 0 ms.
SQL Server parse and compile time: 
   CPU time = 0 ms, elapsed time = 2 ms.

(39423 rows affected)


(1 row affected)

 SQL Server Execution Times:
   CPU time = 1391 ms,  elapsed time = 4563 ms.
SQL Server parse and compile time: 
   CPU time = 0 ms, elapsed time = 0 ms.


(1 row affected)

 SQL Server Execution Times:
   CPU time = 2250 ms,  elapsed time = 3913 ms.

 SQL Server Execution Times:
   CPU time = 0 ms,  elapsed time = 0 ms.

(39423 rows affected)


(1 row affected)

 SQL Server Execution Times:
   CPU time = 3062 ms,  elapsed time = 7392 ms.

 SQL Server Execution Times:
   CPU time = 0 ms,  elapsed time = 1 ms.
SQL Server parse and compile time: 
   CPU time = 0 ms, elapsed time = 2 ms.

(1 row affected)


(1 row affected)

 SQL Server Execution Times:
   CPU time = 500 ms,  elapsed time = 551 ms.
FINISH MERGE 14

 SQL Server Execution Times:
   CPU time = 0 ms,  elapsed time = 0 ms.
SQL Server parse and compile time: 
   CPU time = 0 ms, elapsed time = 0 ms.

 SQL Server Execution Times:
   CPU time = 0 ms,  elapsed time = 0 ms.

Completion time: 2020-10-12T03:01:33.7115978-05:00
